// Jest Snapshot v1, https://goo.gl/fbAQLP

exports[`ButtonNew component renders ButtonNew component and calls click 1`] = `
<ButtonNew
  classes={
    Object {
      "icon": "ButtonNew-icon-1",
    }
  }
  onClick={[Function]}
/>
`;
