// Jest Snapshot v1, https://goo.gl/fbAQLP

exports[`FieldsArrayPanel component renders the component 1`] = `
<FieldsArrayPanel
  classes={
    Object {
      "panel": "FieldsArrayPanel-panel-1 test",
    }
  }
>
  <p>
    Hello
  </p>
</FieldsArrayPanel>
`;
