// Jest Snapshot v1, https://goo.gl/fbAQLP

exports[`FieldsArrayItem component renders the component 1`] = `
<FieldsArrayItem
  classes={
    Object {
      "item": "FieldsArrayItem-item-1 woo",
    }
  }
>
  <div />
</FieldsArrayItem>
`;
