// Jest Snapshot v1, https://goo.gl/fbAQLP

exports[`FilterInput component renders properly 1`] = `
<FilterInput
  classes={
    Object {
      "formControl": "FilterInput-formControl-1",
    }
  }
>
  <input
    value="test"
  />
</FilterInput>
`;
