// Jest Snapshot v1, https://goo.gl/fbAQLP

exports[`LinkButton component renders properly 1`] = `
<LinkButton
  classes={
    Object {
      "button": "LinkButton-button-1",
      "danger": "LinkButton-danger-2",
    }
  }
  label="Hello"
  onClick={[Function]}
  variant="danger"
/>
`;
