// Jest Snapshot v1, https://goo.gl/fbAQLP

exports[`PageHeader component renders the component 1`] = `
<PageHeader
  classes={
    Object {
      "header": "PageHeader-header-1",
    }
  }
>
  <div />
</PageHeader>
`;
