// Jest Snapshot v1, https://goo.gl/fbAQLP

exports[`Snackbar component renders the component properly 1`] = `
<div>
  <WithStyles(Snackbar)
    anchorOrigin={
      Object {
        "horizontal": "left",
        "vertical": "bottom",
      }
    }
    autoHideDuration={6000}
    onClose={[Function]}
    open={false}
  >
    <WithStyles(SnackbarContentWrapper)
      message="This is a message!"
      onClose={[Function]}
      variant="variant"
    />
  </WithStyles(Snackbar)>
</div>
`;
